Removed Pin From Net: NetName=+5 Pin=P4-1
Removed Pin From Net: NetName=BGND Pin=P4-2
Removed Pin From Net: NetName=BGND Pin=R18-1
Removed Pin From Net: NetName=+5 Pin=R19-1
Added Component: Designator=R20(RC0805FR-7W330RL)
Add component (AddParameter): Name = "Case/Package"; Value = "339Case"; VariantName = "[No Variations]"
Add component (AddParameter): Name = "Category"; Value = "Chip SMD Resistors"; VariantName = "[No Variations]"
Add component (AddParameter): Name = "Manufacturer"; Value = "Yageo"; VariantName = "[No Variations]"
Add component (AddParameter): Name = "Manufacturer Part Number"; Value = "RC0805FR-7W330RL"; VariantName = "[No Variations]"
Add component (AddParameter): Name = "Packaging"; Value = "10Packaging"; VariantName = "[No Variations]"
Add component (AddParameter): Name = "Pricing"; Value = "1=0.17, 10=0.057, 50=0.046, 100=0.0347, 500=0.03264, 1000=0.0306 (USD)"; VariantName = "[No Variations]"
Add component (AddParameter): Name = "RoHS"; Value = "Yes"; VariantName = "[No Variations]"
Add component (AddParameter): Name = "Stock"; Value = "5595"; VariantName = "[No Variations]"
Add component (AddParameter): Name = "Supplier"; Value = "Digikey"; VariantName = "[No Variations]"
Add component (AddParameter): Name = "Supplier Part Number"; Value = "13-RC0805FR-7W330RLCT-ND"; VariantName = "[No Variations]"
Add component (AddParameter): Name = "Value"; Value = "330R"; VariantName = "[No Variations]"
Added Component: Designator=R21(RC0805FR-7W330RL)
Add component (AddParameter): Name = "Case/Package"; Value = "339Case"; VariantName = "[No Variations]"
Add component (AddParameter): Name = "Category"; Value = "Chip SMD Resistors"; VariantName = "[No Variations]"
Add component (AddParameter): Name = "Manufacturer"; Value = "Yageo"; VariantName = "[No Variations]"
Add component (AddParameter): Name = "Manufacturer Part Number"; Value = "RC0805FR-7W330RL"; VariantName = "[No Variations]"
Add component (AddParameter): Name = "Packaging"; Value = "10Packaging"; VariantName = "[No Variations]"
Add component (AddParameter): Name = "Pricing"; Value = "1=0.17, 10=0.057, 50=0.046, 100=0.0347, 500=0.03264, 1000=0.0306 (USD)"; VariantName = "[No Variations]"
Add component (AddParameter): Name = "RoHS"; Value = "Yes"; VariantName = "[No Variations]"
Add component (AddParameter): Name = "Stock"; Value = "5595"; VariantName = "[No Variations]"
Add component (AddParameter): Name = "Supplier"; Value = "Digikey"; VariantName = "[No Variations]"
Add component (AddParameter): Name = "Supplier Part Number"; Value = "13-RC0805FR-7W330RLCT-ND"; VariantName = "[No Variations]"
Add component (AddParameter): Name = "Value"; Value = "330R"; VariantName = "[No Variations]"
Added Pin To Net: NetName=+5 Pin=R20-2
Added Pin To Net: NetName=BGND Pin=R21-2
Added Pin To Net: NetName=NetP4_1 Pin=P4-1
Added Pin To Net: NetName=NetP4_1 Pin=R19-1
Added Pin To Net: NetName=NetP4_1 Pin=R20-1
Added Net: Name=NetP4_1
Added Pin To Net: NetName=NetP4_2 Pin=P4-2
Added Pin To Net: NetName=NetP4_2 Pin=R18-1
Added Pin To Net: NetName=NetP4_2 Pin=R21-1
Added Net: Name=NetP4_2
Added Member To Class: ClassName=NCS_Wireless_Control_Card_Display_Connector Member=Component R20 0R
Added Member To Class: ClassName=NCS_Wireless_Control_Card_Display_Connector Member=Component R21 0R
Added Room: Name=NCS_Wireless_Control_Card_Display_Connector
Added Room: Name=NCS_Wireless_Control_Card_hc12_display_conn
Added Room: Name=NCS_Wireless_Control_Card_MCU
Added Room: Name=NCS_Wireless_Control_Card_Power_dis_conn
