Change Component Designator: Old Designator=DG? New Designator=DG1
Change Component Designator: Old Designator=DG? New Designator=DG2
Change Component Designator: Old Designator=DG? New Designator=DG3
Change Component Designator: Old Designator=DG? New Designator=DG4
Change Component Designator: Old Designator=DG? New Designator=DG5
Change Component Designator: Old Designator=DG? New Designator=DG6
Change Component Designator: Old Designator=DG? New Designator=DG7
Change Component Designator: Old Designator=DG? New Designator=DG8
Change Component Designator: Old Designator=DG? New Designator=DG9
Change Component Designator: Old Designator=DR? New Designator=DR1
Change Component Designator: Old Designator=DR? New Designator=DR2
Change Component Designator: Old Designator=DR? New Designator=DR3
Change Component Designator: Old Designator=DR? New Designator=DR4
Change Component Designator: Old Designator=DR? New Designator=DR5
Change Component Designator: Old Designator=DR? New Designator=DR6
Change Component Designator: Old Designator=DR? New Designator=DR7
Change Component Designator: Old Designator=DR? New Designator=DR8
Change Component Designator: Old Designator=DR? New Designator=DR9
Change Component Designator: Old Designator=Q? New Designator=Q1
Change Component Designator: Old Designator=Q? New Designator=Q2
Change Component Designator: Old Designator=R? New Designator=R18
Change Component Designator: Old Designator=R? New Designator=R19
Change Component Designator: Old Designator=RG? New Designator=RG1
Change Component Designator: Old Designator=RG? New Designator=RG2
Change Component Designator: Old Designator=RG? New Designator=RG3
Change Component Designator: Old Designator=RH? New Designator=RH1
Change Component Designator: Old Designator=RH? New Designator=RH2
Change Component Designator: Old Designator=RL? New Designator=RL1
Change Component Designator: Old Designator=RL? New Designator=RL2
Change Component Designator: Old Designator=RR? New Designator=RR1
Change Component Designator: Old Designator=RR? New Designator=RR2
Change Component Designator: Old Designator=RR? New Designator=RR3
